MARK0: function entered
DIAG: key 格式 OK
DIAG: SERVER 已配置（硬编码）
#0 building with "default" instance using docker driver

#1 [internal] load build definition from Dockerfile
#1 transferring dockerfile: 602B done
#1 DONE 0.0s

#2 [internal] load metadata for docker.io/library/node:24-bookworm-slim
#2 DONE 0.0s

#3 [internal] load .dockerignore
#3 transferring context: 114B done
#3 DONE 0.0s

#4 [build 1/7] FROM docker.io/library/node:24-bookworm-slim@sha256:2fe369e969550cde8e867afc3fe370b260140cab4a23d467074295b42163d553
#4 resolve docker.io/library/node:24-bookworm-slim@sha256:2fe369e969550cde8e867afc3fe370b260140cab4a23d467074295b42163d553 0.0s done
#4 DONE 0.0s

#5 [internal] load build context
#5 transferring context: 20.42MB 0.1s done
#5 DONE 0.1s

#6 [build 2/7] WORKDIR /app
#6 CACHED

#7 [build 3/7] RUN npm install -g pnpm@10.33.2
#7 CACHED

#8 [build 4/7] COPY package.json pnpm-lock.yaml pnpm-workspace.yaml ./
#8 CACHED

#9 [build 5/7] RUN pnpm install --frozen-lockfile --fetch-timeout=600000 --fetch-retries=5
#9 CACHED

#10 [build 6/7] COPY . .
#10 DONE 0.1s

#11 [build 7/7] RUN pnpm build:server
#11 0.370 
#11 0.370 > sites-project@0.1.0 build:server /app
#11 0.370 > node server/build.mjs
#11 0.370 
#11 1.447 
#11 1.447   vinext build  (Vite 8.0.13)
#11 1.447 
#11 1.889 [1/5] analyze client references...
#11 1.931 [2Ktransforming...✓ 249 modules transformed.
#11 2.909 rendering chunks...
#11 2.916 ✓ built in 1.02s
#11 2.918 [2/5] analyze server references...
#11 2.940 [2Ktransforming...✓ 367 modules transformed.
#11 3.471 rendering chunks...
#11 3.472 ✓ built in 554ms
#11 3.473 [3/5] build rsc environment...
#11 3.495 [2Ktransforming...✓ 246 modules transformed.
#11 4.195 rendering chunks...
#11 4.256 computing gzip size...
#11 4.270 ✓ built in 795ms
#11 4.270 [4/5] build client environment...
#11 4.294 [2Ktransforming...✓ 2130 modules transformed.
#11 6.057 rendering chunks...
#11 6.159 computing gzip size...
#11 6.174 ✓ built in 1.90s
#11 6.177 [5/5] build ssr environment...
#11 6.203 [2Ktransforming...✓ 366 modules transformed.
#11 6.700 rendering chunks...
#11 6.737 computing gzip size...
#11 6.744 ✓ built in 561ms
#11 6.745 [0m
#11 6.756   Route (app)
#11 6.756   ┌ ƒ /                   
#11 6.756   ├ λ /api/inquiries      
#11 6.756   ├ λ /api/sales/inquiries
#11 6.756   ├ ƒ /layanan/:slug      
#11 6.756   ├ ƒ /news               
#11 6.756   ├ ƒ /news/:id           
#11 6.756   ├ ? /privasi            
#11 6.756   ├ ƒ /products/:id       
#11 6.756   ├ λ /robots.txt         
#11 6.756   ├ ƒ /sales              
#11 6.756   └ λ /sitemap.xml        
#11 6.756 
#11 6.756   λ API  ƒ Dynamic  ? Unknown
#11 6.756 
#11 6.756   ? Some routes could not be classified. vinext currently uses static analysis
#11 6.756     and cannot detect dynamic API usage (headers(), cookies(), etc.) at build time.
#11 6.756     Automatic classification will be improved in a future release.
#11 6.756 
#11 6.756   Build complete. Run `vinext start` to start the production server.
#11 6.756 
#11 DONE 6.9s

#6 [build 2/7] WORKDIR /app
#6 CACHED

#12 [stage-1 3/4] COPY --from=build --chown=node:node /app /app
#12 DONE 26.2s

#13 [stage-1 4/4] RUN mkdir /data /backups && chown node:node /data /backups
#13 DONE 0.5s

#14 exporting to image
#14 exporting layers
#14 exporting layers 37.6s done
#14 exporting manifest sha256:2eb65ee0e2bf47f4293c10cf02d06454c49002264a49a3feb1bda0b9b42e6758 done
#14 exporting config sha256:918e39c2735ed904be9e5c93de003e807d1c3d4ebb511d39a8a35a7c1aa4195f done
#14 exporting attestation manifest sha256:89387ea9299d56b9546cd74cae1d795ef9933cc77eedabc03bf9cc81ab8b5f25 done
#14 exporting manifest list sha256:1fa7e611bebed21ec2770f02fb1a20b157b7f680c80378bfe5684c0d7f4fff71 done
#14 naming to docker.io/library/loongjump-website:release-20260929T073255Z done
#14 unpacking to docker.io/library/loongjump-website:release-20260929T073255Z
#14 unpacking to docker.io/library/loongjump-website:release-20260929T073255Z 6.7s done
#14 DONE 44.3s
/backups/predeploy-20260929T073255Z/LOONGJUMP-2026-09-29.sqlite
 Container loongjump-web Recreate 
 Container loongjump-web Recreated 
 Container loongjump-web Starting 
 Container loongjump-web Started 
Deployment verified: 20260929T073255Z; previous source, image and database backup retained.
Deploy OK
